2026-04-11 20:58:36,566 - aqt.helper - DEBUG - helper 8429038656 Attempt to download checksum at https://download.qt.io/online/qtsdkrepository/mac_x64/desktop/qt6_6101/qt6_6101/Updates.xml.sha256
2026-04-11 20:58:36,566 - aqt.helper - DEBUG - helper 8429038656 Attempt to download checksum at https://download.qt.io/online/qtsdkrepository/mac_x64/desktop/qt6_6101/qt6_6101/Updates.xml.sha256
2026-04-11 20:58:43,520 - aqt.helper - DEBUG - helper 8429038656 Attempt to download checksum at https://download.qt.io/online/qtsdkrepository/mac_x64/extensions/qtpdf/6101/clang_64/Updates.xml.sha256
2026-04-11 20:58:46,952 - aqt.helper - DEBUG - helper 8429038656 Attempt to download checksum at https://download.qt.io/online/qtsdkrepository/mac_x64/extensions/qtwebengine/6101/clang_64/Updates.xml.sha256
2026-04-11 20:59:08,297 - aqt.main - INFO - installer 8429038656 aqtinstall(aqt) v3.3.0 on Python 3.9.6 [CPython Clang 21.0.0 (clang-2100.0.123.102)]
2026-04-11 20:59:08,297 - aqt.helper - DEBUG - helper 8429038656 Attempt to download checksum at https://download.qt.io/online/qtsdkrepository/mac_x64/desktop/qt6_6101/qt6_6101/Updates.xml.sha256
2026-04-11 20:59:11,366 - aqt.helper - DEBUG - helper 8429038656 Attempt to download checksum at https://download.qt.io/online/qtsdkrepository/mac_x64/extensions/qtwebengine/6101/clang_64/Updates.xml.sha256
2026-04-11 20:59:15,884 - aqt.archives - INFO - archives 8429038656 Found extension qtwebengine
2026-04-11 20:59:15,884 - aqt.helper - DEBUG - helper 8429038656 Attempt to download checksum at https://download.qt.io/online/qtsdkrepository/mac_x64/extensions/qtpdf/6101/clang_64/Updates.xml.sha256
2026-04-11 20:59:20,984 - aqt.archives - INFO - archives 8429038656 Found extension qtpdf
2026-04-11 20:59:21,245 - aqt.helper - DEBUG - helper 8429038656 Attempt to download checksum at https://download.qt.io/online/qtsdkrepository/mac_x64/desktop/qt6_6101/qt6_6101/qt.qt6.6101.addons.qtmultimedia.clang_64/6.10.1-0-202511161842qtmultimedia-MacOS-MacOS_15-Clang-MacOS-MacOS_15-X86_64-ARM64.7z.sha256
2026-04-11 20:59:21,246 - aqt.helper - DEBUG - helper 8429038656 Attempt to download checksum at https://download.qt.io/online/qtsdkrepository/mac_x64/desktop/qt6_6101/qt6_6101/qt.qt6.6101.addons.qtserialport.clang_64/6.10.1-0-202511161842qtserialport-MacOS-MacOS_15-Clang-MacOS-MacOS_15-X86_64-ARM64.7z.sha256
2026-04-11 20:59:21,246 - aqt.helper - DEBUG - helper 8429038656 Attempt to download checksum at https://download.qt.io/online/qtsdkrepository/mac_x64/desktop/qt6_6101/qt6_6101/qt.qt6.6101.clang_64/6.10.1-0-202511161842qtbase-MacOS-MacOS_15-Clang-MacOS-MacOS_15-X86_64-ARM64.7z.sha256
2026-04-11 20:59:21,248 - aqt.helper - DEBUG - helper 8429038656 Attempt to download checksum at https://download.qt.io/online/qtsdkrepository/mac_x64/desktop/qt6_6101/qt6_6101/qt.qt6.6101.clang_64/6.10.1-0-202511161842qtdeclarative-MacOS-MacOS_15-Clang-MacOS-MacOS_15-X86_64-ARM64.7z.sha256
2026-04-11 20:59:22,539 - aqt.helper - INFO - helper 8429038656 Downloading qtserialport...
2026-04-11 20:59:22,540 - aqt.installer - DEBUG - installer 8429038656 Download URL: https://download.qt.io/online/qtsdkrepository/mac_x64/desktop/qt6_6101/qt6_6101/qt.qt6.6101.addons.qtserialport.clang_64/6.10.1-0-202511161842qtserialport-MacOS-MacOS_15-Clang-MacOS-MacOS_15-X86_64-ARM64.7z
2026-04-11 20:59:22,577 - aqt.helper - INFO - helper 8429038656 Downloading qtbase...
2026-04-11 20:59:22,577 - aqt.installer - DEBUG - installer 8429038656 Download URL: https://download.qt.io/online/qtsdkrepository/mac_x64/desktop/qt6_6101/qt6_6101/qt.qt6.6101.clang_64/6.10.1-0-202511161842qtbase-MacOS-MacOS_15-Clang-MacOS-MacOS_15-X86_64-ARM64.7z
2026-04-11 20:59:22,620 - aqt.helper - INFO - helper 8429038656 Downloading qtdeclarative...
2026-04-11 20:59:22,620 - aqt.installer - DEBUG - installer 8429038656 Download URL: https://download.qt.io/online/qtsdkrepository/mac_x64/desktop/qt6_6101/qt6_6101/qt.qt6.6101.clang_64/6.10.1-0-202511161842qtdeclarative-MacOS-MacOS_15-Clang-MacOS-MacOS_15-X86_64-ARM64.7z
2026-04-11 20:59:23,590 - aqt.helper - INFO - helper 8429038656 Downloading qtmultimedia...
2026-04-11 20:59:23,590 - aqt.installer - DEBUG - installer 8429038656 Download URL: https://download.qt.io/online/qtsdkrepository/mac_x64/desktop/qt6_6101/qt6_6101/qt.qt6.6101.addons.qtmultimedia.clang_64/6.10.1-0-202511161842qtmultimedia-MacOS-MacOS_15-Clang-MacOS-MacOS_15-X86_64-ARM64.7z
2026-04-11 20:59:24,607 - aqt.helper - DEBUG - helper 8429038656 Asked to redirect(302) to: https://ftp.jaist.ac.jp/pub/qtproject/online/qtsdkrepository/mac_x64/desktop/qt6_6101/qt6_6101/qt.qt6.6101.addons.qtserialport.clang_64/6.10.1-0-202511161842qtserialport-MacOS-MacOS_15-Clang-MacOS-MacOS_15-X86_64-ARM64.7z
2026-04-11 20:59:24,608 - aqt.helper - INFO - helper 8429038656 Redirected: ftp.jaist.ac.jp
2026-04-11 20:59:24,827 - aqt.helper - DEBUG - helper 8429038656 Asked to redirect(302) to: https://ftp.jaist.ac.jp/pub/qtproject/online/qtsdkrepository/mac_x64/desktop/qt6_6101/qt6_6101/qt.qt6.6101.clang_64/6.10.1-0-202511161842qtbase-MacOS-MacOS_15-Clang-MacOS-MacOS_15-X86_64-ARM64.7z
2026-04-11 20:59:24,828 - aqt.helper - INFO - helper 8429038656 Redirected: ftp.jaist.ac.jp
2026-04-11 20:59:25,692 - aqt.helper - DEBUG - helper 8429038656 Asked to redirect(302) to: https://ftp.jaist.ac.jp/pub/qtproject/online/qtsdkrepository/mac_x64/desktop/qt6_6101/qt6_6101/qt.qt6.6101.addons.qtmultimedia.clang_64/6.10.1-0-202511161842qtmultimedia-MacOS-MacOS_15-Clang-MacOS-MacOS_15-X86_64-ARM64.7z
2026-04-11 20:59:25,692 - aqt.helper - INFO - helper 8429038656 Redirected: ftp.jaist.ac.jp
2026-04-11 20:59:27,190 - aqt.helper - DEBUG - helper 8429038656 Asked to redirect(302) to: https://ftp.jaist.ac.jp/pub/qtproject/online/qtsdkrepository/mac_x64/desktop/qt6_6101/qt6_6101/qt.qt6.6101.clang_64/6.10.1-0-202511161842qtdeclarative-MacOS-MacOS_15-Clang-MacOS-MacOS_15-X86_64-ARM64.7z
2026-04-11 20:59:27,190 - aqt.helper - INFO - helper 8429038656 Redirected: ftp.jaist.ac.jp
2026-04-11 20:59:32,402 - aqt.installer - INFO - installer 8429038656 Finished installation of qtserialport-MacOS-MacOS_15-Clang-MacOS-MacOS_15-X86_64-ARM64.7z in 11.15642767
2026-04-11 20:59:32,415 - aqt.helper - DEBUG - helper 8429038656 Attempt to download checksum at https://download.qt.io/online/qtsdkrepository/mac_x64/desktop/qt6_6101/qt6_6101/qt.qt6.6101.clang_64/6.10.1-0-202511161842qtsvg-MacOS-MacOS_15-Clang-MacOS-MacOS_15-X86_64-ARM64.7z.sha256
2026-04-11 20:59:35,586 - aqt.helper - INFO - helper 8429038656 Downloading qtsvg...
2026-04-11 20:59:35,587 - aqt.installer - DEBUG - installer 8429038656 Download URL: https://download.qt.io/online/qtsdkrepository/mac_x64/desktop/qt6_6101/qt6_6101/qt.qt6.6101.clang_64/6.10.1-0-202511161842qtsvg-MacOS-MacOS_15-Clang-MacOS-MacOS_15-X86_64-ARM64.7z
2026-04-11 20:59:37,878 - aqt.helper - DEBUG - helper 8429038656 Asked to redirect(302) to: https://ftp.jaist.ac.jp/pub/qtproject/online/qtsdkrepository/mac_x64/desktop/qt6_6101/qt6_6101/qt.qt6.6101.clang_64/6.10.1-0-202511161842qtsvg-MacOS-MacOS_15-Clang-MacOS-MacOS_15-X86_64-ARM64.7z
2026-04-11 20:59:37,878 - aqt.helper - INFO - helper 8429038656 Redirected: ftp.jaist.ac.jp
2026-04-11 20:59:39,510 - aqt.installer - INFO - installer 8429038656 Finished installation of qtsvg-MacOS-MacOS_15-Clang-MacOS-MacOS_15-X86_64-ARM64.7z in 7.09627283
2026-04-11 20:59:39,517 - aqt.helper - DEBUG - helper 8429038656 Attempt to download checksum at https://download.qt.io/online/qtsdkrepository/mac_x64/desktop/qt6_6101/qt6_6101/qt.qt6.6101.clang_64/6.10.1-0-202511161842qttools-MacOS-MacOS_15-Clang-MacOS-MacOS_15-X86_64-ARM64.7z.sha256
2026-04-11 20:59:40,850 - aqt.helper - INFO - helper 8429038656 Downloading qttools...
2026-04-11 20:59:40,850 - aqt.installer - DEBUG - installer 8429038656 Download URL: https://download.qt.io/online/qtsdkrepository/mac_x64/desktop/qt6_6101/qt6_6101/qt.qt6.6101.clang_64/6.10.1-0-202511161842qttools-MacOS-MacOS_15-Clang-MacOS-MacOS_15-X86_64-ARM64.7z
2026-04-11 20:59:44,560 - aqt.helper - DEBUG - helper 8429038656 Asked to redirect(302) to: https://ftp.jaist.ac.jp/pub/qtproject/online/qtsdkrepository/mac_x64/desktop/qt6_6101/qt6_6101/qt.qt6.6101.clang_64/6.10.1-0-202511161842qttools-MacOS-MacOS_15-Clang-MacOS-MacOS_15-X86_64-ARM64.7z
2026-04-11 20:59:44,560 - aqt.helper - INFO - helper 8429038656 Redirected: ftp.jaist.ac.jp
2026-04-11 21:01:58,312 - aqt.helper - DEBUG - helper 8429038656 Attempt to download checksum at https://download.qt.io/online/qtsdkrepository/mac_x64/desktop/qt6_6101/qt6_6101/qt.qt6.6101.clang_64/6.10.1-0-202511161842qttranslations-MacOS-MacOS_15-Clang-MacOS-MacOS_15-X86_64-ARM64.7z.sha256
2026-04-11 21:01:59,599 - aqt.helper - INFO - helper 8429038656 Downloading qttranslations...
2026-04-11 21:01:59,600 - aqt.installer - DEBUG - installer 8429038656 Download URL: https://download.qt.io/online/qtsdkrepository/mac_x64/desktop/qt6_6101/qt6_6101/qt.qt6.6101.clang_64/6.10.1-0-202511161842qttranslations-MacOS-MacOS_15-Clang-MacOS-MacOS_15-X86_64-ARM64.7z
2026-04-11 21:02:07,976 - aqt.helper - DEBUG - helper 8429038656 Asked to redirect(302) to: https://ftp.jaist.ac.jp/pub/qtproject/online/qtsdkrepository/mac_x64/desktop/qt6_6101/qt6_6101/qt.qt6.6101.clang_64/6.10.1-0-202511161842qttranslations-MacOS-MacOS_15-Clang-MacOS-MacOS_15-X86_64-ARM64.7z
2026-04-11 21:02:07,976 - aqt.helper - INFO - helper 8429038656 Redirected: ftp.jaist.ac.jp
2026-04-11 21:02:17,697 - aqt.installer - INFO - installer 8429038656 Finished installation of qttranslations-MacOS-MacOS_15-Clang-MacOS-MacOS_15-X86_64-ARM64.7z in 19.38640921
2026-04-11 21:02:18,778 - aqt.installer - INFO - installer 8429038656 Finished installation of qtbase-MacOS-MacOS_15-Clang-MacOS-MacOS_15-X86_64-ARM64.7z in 177.53207987
2026-04-11 21:03:01,810 - aqt.installer - INFO - installer 8429038656 Finished installation of qtmultimedia-MacOS-MacOS_15-Clang-MacOS-MacOS_15-X86_64-ARM64.7z in 220.56555183
2026-04-11 21:03:07,456 - aqt.installer - INFO - installer 8429038656 Finished installation of qttools-MacOS-MacOS_15-Clang-MacOS-MacOS_15-X86_64-ARM64.7z in 207.93993617
2026-04-11 21:03:07,466 - aqt.installer - WARNING - installer 8429038656 Caught ArchiveDownloadError, terminating installer workers
2026-04-11 21:03:07,482 - aqt.main - ERROR - installer 8429038656 Download of 6.10.1-0-202511161842qtdeclarative-MacOS-MacOS_15-Clang-MacOS-MacOS_15-X86_64-ARM64.7z has error: HTTPSConnectionPool(host='ftp.jaist.ac.jp', port=443): Read timed out.
2026-04-11 21:03:46,291 - aqt.main - INFO - installer 8429038656 aqtinstall(aqt) v3.3.0 on Python 3.9.6 [CPython Clang 21.0.0 (clang-2100.0.123.102)]
2026-04-11 21:03:46,292 - aqt.helper - DEBUG - helper 8429038656 Attempt to download checksum at https://download.qt.io/online/qtsdkrepository/mac_x64/desktop/qt6_6101/qt6_6101/Updates.xml.sha256
2026-04-11 21:03:50,833 - aqt.helper - DEBUG - helper 8429038656 Attempt to download checksum at https://download.qt.io/online/qtsdkrepository/mac_x64/extensions/qtwebengine/6101/clang_64/Updates.xml.sha256
2026-04-11 21:03:55,338 - aqt.archives - INFO - archives 8429038656 Found extension qtwebengine
2026-04-11 21:03:55,338 - aqt.helper - DEBUG - helper 8429038656 Attempt to download checksum at https://download.qt.io/online/qtsdkrepository/mac_x64/extensions/qtpdf/6101/clang_64/Updates.xml.sha256
2026-04-11 21:03:58,808 - aqt.archives - INFO - archives 8429038656 Found extension qtpdf
2026-04-11 21:03:59,037 - aqt.helper - DEBUG - helper 8429038656 Attempt to download checksum at https://download.qt.io/online/qtsdkrepository/mac_x64/desktop/qt6_6101/qt6_6101/qt.qt6.6101.addons.qtmultimedia.clang_64/6.10.1-0-202511161842qtmultimedia-MacOS-MacOS_15-Clang-MacOS-MacOS_15-X86_64-ARM64.7z.sha256
2026-04-11 21:03:59,038 - aqt.helper - DEBUG - helper 8429038656 Attempt to download checksum at https://download.qt.io/online/qtsdkrepository/mac_x64/desktop/qt6_6101/qt6_6101/qt.qt6.6101.addons.qtserialport.clang_64/6.10.1-0-202511161842qtserialport-MacOS-MacOS_15-Clang-MacOS-MacOS_15-X86_64-ARM64.7z.sha256
2026-04-11 21:03:59,041 - aqt.helper - DEBUG - helper 8429038656 Attempt to download checksum at https://download.qt.io/online/qtsdkrepository/mac_x64/desktop/qt6_6101/qt6_6101/qt.qt6.6101.clang_64/6.10.1-0-202511161842qtbase-MacOS-MacOS_15-Clang-MacOS-MacOS_15-X86_64-ARM64.7z.sha256
2026-04-11 21:03:59,042 - aqt.helper - DEBUG - helper 8429038656 Attempt to download checksum at https://download.qt.io/online/qtsdkrepository/mac_x64/desktop/qt6_6101/qt6_6101/qt.qt6.6101.clang_64/6.10.1-0-202511161842qtdeclarative-MacOS-MacOS_15-Clang-MacOS-MacOS_15-X86_64-ARM64.7z.sha256
2026-04-11 21:04:00,319 - aqt.helper - INFO - helper 8429038656 Downloading qtserialport...
2026-04-11 21:04:00,319 - aqt.installer - DEBUG - installer 8429038656 Download URL: https://download.qt.io/online/qtsdkrepository/mac_x64/desktop/qt6_6101/qt6_6101/qt.qt6.6101.addons.qtserialport.clang_64/6.10.1-0-202511161842qtserialport-MacOS-MacOS_15-Clang-MacOS-MacOS_15-X86_64-ARM64.7z
2026-04-11 21:04:00,345 - aqt.helper - INFO - helper 8429038656 Downloading qtbase...
2026-04-11 21:04:00,345 - aqt.installer - DEBUG - installer 8429038656 Download URL: https://download.qt.io/online/qtsdkrepository/mac_x64/desktop/qt6_6101/qt6_6101/qt.qt6.6101.clang_64/6.10.1-0-202511161842qtbase-MacOS-MacOS_15-Clang-MacOS-MacOS_15-X86_64-ARM64.7z
2026-04-11 21:04:01,149 - aqt.helper - INFO - helper 8429038656 Downloading qtmultimedia...
2026-04-11 21:04:01,149 - aqt.installer - DEBUG - installer 8429038656 Download URL: https://download.qt.io/online/qtsdkrepository/mac_x64/desktop/qt6_6101/qt6_6101/qt.qt6.6101.addons.qtmultimedia.clang_64/6.10.1-0-202511161842qtmultimedia-MacOS-MacOS_15-Clang-MacOS-MacOS_15-X86_64-ARM64.7z
2026-04-11 21:04:01,588 - aqt.helper - DEBUG - helper 8429038656 Asked to redirect(302) to: https://ftp.jaist.ac.jp/pub/qtproject/online/qtsdkrepository/mac_x64/desktop/qt6_6101/qt6_6101/qt.qt6.6101.clang_64/6.10.1-0-202511161842qtbase-MacOS-MacOS_15-Clang-MacOS-MacOS_15-X86_64-ARM64.7z
2026-04-11 21:04:01,589 - aqt.helper - INFO - helper 8429038656 Redirected: ftp.jaist.ac.jp
2026-04-11 21:04:01,823 - aqt.helper - INFO - helper 8429038656 Downloading qtdeclarative...
2026-04-11 21:04:01,823 - aqt.installer - DEBUG - installer 8429038656 Download URL: https://download.qt.io/online/qtsdkrepository/mac_x64/desktop/qt6_6101/qt6_6101/qt.qt6.6101.clang_64/6.10.1-0-202511161842qtdeclarative-MacOS-MacOS_15-Clang-MacOS-MacOS_15-X86_64-ARM64.7z
2026-04-11 21:04:02,825 - aqt.helper - DEBUG - helper 8429038656 Asked to redirect(302) to: https://ftp.jaist.ac.jp/pub/qtproject/online/qtsdkrepository/mac_x64/desktop/qt6_6101/qt6_6101/qt.qt6.6101.addons.qtmultimedia.clang_64/6.10.1-0-202511161842qtmultimedia-MacOS-MacOS_15-Clang-MacOS-MacOS_15-X86_64-ARM64.7z
2026-04-11 21:04:02,825 - aqt.helper - INFO - helper 8429038656 Redirected: ftp.jaist.ac.jp
2026-04-11 21:04:03,084 - aqt.helper - DEBUG - helper 8429038656 Asked to redirect(302) to: https://ftp.jaist.ac.jp/pub/qtproject/online/qtsdkrepository/mac_x64/desktop/qt6_6101/qt6_6101/qt.qt6.6101.clang_64/6.10.1-0-202511161842qtdeclarative-MacOS-MacOS_15-Clang-MacOS-MacOS_15-X86_64-ARM64.7z
2026-04-11 21:04:03,084 - aqt.helper - INFO - helper 8429038656 Redirected: ftp.jaist.ac.jp
2026-04-11 21:04:03,206 - aqt.helper - DEBUG - helper 8429038656 Asked to redirect(302) to: https://ftp.jaist.ac.jp/pub/qtproject/online/qtsdkrepository/mac_x64/desktop/qt6_6101/qt6_6101/qt.qt6.6101.addons.qtserialport.clang_64/6.10.1-0-202511161842qtserialport-MacOS-MacOS_15-Clang-MacOS-MacOS_15-X86_64-ARM64.7z
2026-04-11 21:04:03,206 - aqt.helper - INFO - helper 8429038656 Redirected: ftp.jaist.ac.jp
2026-04-11 21:04:04,066 - aqt.installer - INFO - installer 8429038656 Finished installation of qtserialport-MacOS-MacOS_15-Clang-MacOS-MacOS_15-X86_64-ARM64.7z in 5.02844321
2026-04-11 21:04:04,073 - aqt.helper - DEBUG - helper 8429038656 Attempt to download checksum at https://download.qt.io/online/qtsdkrepository/mac_x64/desktop/qt6_6101/qt6_6101/qt.qt6.6101.clang_64/6.10.1-0-202511161842qtsvg-MacOS-MacOS_15-Clang-MacOS-MacOS_15-X86_64-ARM64.7z.sha256
2026-04-11 21:04:05,292 - aqt.helper - INFO - helper 8429038656 Downloading qtsvg...
2026-04-11 21:04:05,292 - aqt.installer - DEBUG - installer 8429038656 Download URL: https://download.qt.io/online/qtsdkrepository/mac_x64/desktop/qt6_6101/qt6_6101/qt.qt6.6101.clang_64/6.10.1-0-202511161842qtsvg-MacOS-MacOS_15-Clang-MacOS-MacOS_15-X86_64-ARM64.7z
2026-04-11 21:04:06,610 - aqt.helper - DEBUG - helper 8429038656 Asked to redirect(302) to: https://ftp.jaist.ac.jp/pub/qtproject/online/qtsdkrepository/mac_x64/desktop/qt6_6101/qt6_6101/qt.qt6.6101.clang_64/6.10.1-0-202511161842qtsvg-MacOS-MacOS_15-Clang-MacOS-MacOS_15-X86_64-ARM64.7z
2026-04-11 21:04:06,610 - aqt.helper - INFO - helper 8429038656 Redirected: ftp.jaist.ac.jp
2026-04-11 21:04:08,875 - aqt.installer - INFO - installer 8429038656 Finished installation of qtsvg-MacOS-MacOS_15-Clang-MacOS-MacOS_15-X86_64-ARM64.7z in 4.80269067
2026-04-11 21:04:08,881 - aqt.helper - DEBUG - helper 8429038656 Attempt to download checksum at https://download.qt.io/online/qtsdkrepository/mac_x64/desktop/qt6_6101/qt6_6101/qt.qt6.6101.clang_64/6.10.1-0-202511161842qttools-MacOS-MacOS_15-Clang-MacOS-MacOS_15-X86_64-ARM64.7z.sha256
2026-04-11 21:04:11,226 - aqt.helper - INFO - helper 8429038656 Downloading qttools...
2026-04-11 21:04:11,226 - aqt.installer - DEBUG - installer 8429038656 Download URL: https://download.qt.io/online/qtsdkrepository/mac_x64/desktop/qt6_6101/qt6_6101/qt.qt6.6101.clang_64/6.10.1-0-202511161842qttools-MacOS-MacOS_15-Clang-MacOS-MacOS_15-X86_64-ARM64.7z
2026-04-11 21:04:12,479 - aqt.helper - DEBUG - helper 8429038656 Asked to redirect(302) to: https://ftp.jaist.ac.jp/pub/qtproject/online/qtsdkrepository/mac_x64/desktop/qt6_6101/qt6_6101/qt.qt6.6101.clang_64/6.10.1-0-202511161842qttools-MacOS-MacOS_15-Clang-MacOS-MacOS_15-X86_64-ARM64.7z
2026-04-11 21:04:12,480 - aqt.helper - INFO - helper 8429038656 Redirected: ftp.jaist.ac.jp
2026-04-11 21:05:32,884 - aqt.installer - INFO - installer 8429038656 Finished installation of qtbase-MacOS-MacOS_15-Clang-MacOS-MacOS_15-X86_64-ARM64.7z in 93.84470438
2026-04-11 21:05:32,891 - aqt.helper - DEBUG - helper 8429038656 Attempt to download checksum at https://download.qt.io/online/qtsdkrepository/mac_x64/desktop/qt6_6101/qt6_6101/qt.qt6.6101.clang_64/6.10.1-0-202511161842qttranslations-MacOS-MacOS_15-Clang-MacOS-MacOS_15-X86_64-ARM64.7z.sha256
2026-04-11 21:05:34,149 - aqt.helper - INFO - helper 8429038656 Downloading qttranslations...
2026-04-11 21:05:34,150 - aqt.installer - DEBUG - installer 8429038656 Download URL: https://download.qt.io/online/qtsdkrepository/mac_x64/desktop/qt6_6101/qt6_6101/qt.qt6.6101.clang_64/6.10.1-0-202511161842qttranslations-MacOS-MacOS_15-Clang-MacOS-MacOS_15-X86_64-ARM64.7z
2026-04-11 21:05:35,421 - aqt.helper - DEBUG - helper 8429038656 Asked to redirect(302) to: https://ftp.jaist.ac.jp/pub/qtproject/online/qtsdkrepository/mac_x64/desktop/qt6_6101/qt6_6101/qt.qt6.6101.clang_64/6.10.1-0-202511161842qttranslations-MacOS-MacOS_15-Clang-MacOS-MacOS_15-X86_64-ARM64.7z
2026-04-11 21:05:35,421 - aqt.helper - INFO - helper 8429038656 Redirected: ftp.jaist.ac.jp
2026-04-11 21:05:42,018 - aqt.installer - INFO - installer 8429038656 Finished installation of qttranslations-MacOS-MacOS_15-Clang-MacOS-MacOS_15-X86_64-ARM64.7z in 9.12840438
2026-04-11 21:06:15,299 - aqt.installer - INFO - installer 8429038656 Finished installation of qttools-MacOS-MacOS_15-Clang-MacOS-MacOS_15-X86_64-ARM64.7z in 126.41815025
2026-04-11 21:06:38,219 - aqt.installer - INFO - installer 8429038656 Finished installation of qtmultimedia-MacOS-MacOS_15-Clang-MacOS-MacOS_15-X86_64-ARM64.7z in 159.18274079
2026-04-11 21:09:23,437 - aqt.installer - INFO - installer 8429038656 Finished installation of qtdeclarative-MacOS-MacOS_15-Clang-MacOS-MacOS_15-X86_64-ARM64.7z in 324.39468921
2026-04-11 21:09:23,516 - aqt.updater - INFO - updater 8429038656 Patching /Users/trungdoanhong/Qt/6.10.1/macos/bin/qmake
2026-04-11 21:09:23,520 - aqt.updater - INFO - updater 8429038656 Patching /Users/trungdoanhong/Qt/6.10.1/macos/lib/pkgconfig/Qt6QuickControls2.pc
2026-04-11 21:09:23,520 - aqt.updater - INFO - updater 8429038656 Patching /Users/trungdoanhong/Qt/6.10.1/macos/lib/pkgconfig/Qt6LabsWavefrontMesh.pc
2026-04-11 21:09:23,520 - aqt.updater - INFO - updater 8429038656 Patching /Users/trungdoanhong/Qt/6.10.1/macos/lib/pkgconfig/Qt6QuickControls2FusionStyleImpl.pc
2026-04-11 21:09:23,520 - aqt.updater - INFO - updater 8429038656 Patching /Users/trungdoanhong/Qt/6.10.1/macos/lib/pkgconfig/Qt6Platform.pc
2026-04-11 21:09:23,521 - aqt.updater - INFO - updater 8429038656 Patching /Users/trungdoanhong/Qt/6.10.1/macos/lib/pkgconfig/Qt6LabsFolderListModel.pc
2026-04-11 21:09:23,521 - aqt.updater - INFO - updater 8429038656 Patching /Users/trungdoanhong/Qt/6.10.1/macos/lib/pkgconfig/Qt6QuickVectorImageHelpers.pc
2026-04-11 21:09:23,521 - aqt.updater - INFO - updater 8429038656 Patching /Users/trungdoanhong/Qt/6.10.1/macos/lib/pkgconfig/Qt6QmlCore.pc
2026-04-11 21:09:23,521 - aqt.updater - INFO - updater 8429038656 Patching /Users/trungdoanhong/Qt/6.10.1/macos/lib/pkgconfig/Qt6MultimediaWidgets.pc
2026-04-11 21:09:23,521 - aqt.updater - INFO - updater 8429038656 Patching /Users/trungdoanhong/Qt/6.10.1/macos/lib/pkgconfig/Qt6Concurrent.pc
2026-04-11 21:09:23,522 - aqt.updater - INFO - updater 8429038656 Patching /Users/trungdoanhong/Qt/6.10.1/macos/lib/pkgconfig/Qt6LabsQmlModels.pc
2026-04-11 21:09:23,522 - aqt.updater - INFO - updater 8429038656 Patching /Users/trungdoanhong/Qt/6.10.1/macos/lib/pkgconfig/Qt6QuickEffects.pc
2026-04-11 21:09:23,522 - aqt.updater - INFO - updater 8429038656 Patching /Users/trungdoanhong/Qt/6.10.1/macos/lib/pkgconfig/Qt6QmlWorkerScript.pc
2026-04-11 21:09:23,522 - aqt.updater - INFO - updater 8429038656 Patching /Users/trungdoanhong/Qt/6.10.1/macos/lib/pkgconfig/Qt6QuickControls2MacOSStyleImpl.pc
2026-04-11 21:09:23,523 - aqt.updater - INFO - updater 8429038656 Patching /Users/trungdoanhong/Qt/6.10.1/macos/lib/pkgconfig/Qt6Designer.pc
2026-04-11 21:09:23,523 - aqt.updater - INFO - updater 8429038656 Patching /Users/trungdoanhong/Qt/6.10.1/macos/lib/pkgconfig/Qt6QuickControls2Impl.pc
2026-04-11 21:09:23,523 - aqt.updater - INFO - updater 8429038656 Patching /Users/trungdoanhong/Qt/6.10.1/macos/lib/pkgconfig/Qt6QmlIntegration.pc
2026-04-11 21:09:23,523 - aqt.updater - INFO - updater 8429038656 Patching /Users/trungdoanhong/Qt/6.10.1/macos/lib/pkgconfig/Qt6QuickControls2IOSStyleImpl.pc
2026-04-11 21:09:23,523 - aqt.updater - INFO - updater 8429038656 Patching /Users/trungdoanhong/Qt/6.10.1/macos/lib/pkgconfig/Qt6Xml.pc
2026-04-11 21:09:23,523 - aqt.updater - INFO - updater 8429038656 Patching /Users/trungdoanhong/Qt/6.10.1/macos/lib/pkgconfig/Qt6QuickControls2Universal.pc
2026-04-11 21:09:23,524 - aqt.updater - INFO - updater 8429038656 Patching /Users/trungdoanhong/Qt/6.10.1/macos/lib/pkgconfig/Qt6SerialPort.pc
2026-04-11 21:09:23,524 - aqt.updater - INFO - updater 8429038656 Patching /Users/trungdoanhong/Qt/6.10.1/macos/lib/pkgconfig/Qt6QuickDialogs2QuickImpl.pc
2026-04-11 21:09:23,524 - aqt.updater - INFO - updater 8429038656 Patching /Users/trungdoanhong/Qt/6.10.1/macos/lib/pkgconfig/Qt6SvgWidgets.pc
2026-04-11 21:09:23,525 - aqt.updater - INFO - updater 8429038656 Patching /Users/trungdoanhong/Qt/6.10.1/macos/lib/pkgconfig/Qt6LabsAnimation.pc
2026-04-11 21:09:23,525 - aqt.updater - INFO - updater 8429038656 Patching /Users/trungdoanhong/Qt/6.10.1/macos/lib/pkgconfig/Qt6UiTools.pc
2026-04-11 21:09:23,525 - aqt.updater - INFO - updater 8429038656 Patching /Users/trungdoanhong/Qt/6.10.1/macos/lib/pkgconfig/Qt6QuickDialogs2Utils.pc
2026-04-11 21:09:23,525 - aqt.updater - INFO - updater 8429038656 Patching /Users/trungdoanhong/Qt/6.10.1/macos/lib/pkgconfig/Qt6QuickTest.pc
2026-04-11 21:09:23,525 - aqt.updater - INFO - updater 8429038656 Patching /Users/trungdoanhong/Qt/6.10.1/macos/lib/pkgconfig/Qt6QuickDialogs2.pc
2026-04-11 21:09:23,526 - aqt.updater - INFO - updater 8429038656 Patching /Users/trungdoanhong/Qt/6.10.1/macos/lib/pkgconfig/Qt6QmlXmlListModel.pc
2026-04-11 21:09:23,526 - aqt.updater - INFO - updater 8429038656 Patching /Users/trungdoanhong/Qt/6.10.1/macos/lib/pkgconfig/Qt6QuickControls2FluentWinUI3StyleImpl.pc
2026-04-11 21:09:23,526 - aqt.updater - INFO - updater 8429038656 Patching /Users/trungdoanhong/Qt/6.10.1/macos/lib/pkgconfig/Qt6Help.pc
2026-04-11 21:09:23,526 - aqt.updater - INFO - updater 8429038656 Patching /Users/trungdoanhong/Qt/6.10.1/macos/lib/pkgconfig/Qt6OpenGLWidgets.pc
2026-04-11 21:09:23,526 - aqt.updater - INFO - updater 8429038656 Patching /Users/trungdoanhong/Qt/6.10.1/macos/lib/pkgconfig/Qt6UiPlugin.pc
2026-04-11 21:09:23,527 - aqt.updater - INFO - updater 8429038656 Patching /Users/trungdoanhong/Qt/6.10.1/macos/lib/pkgconfig/Qt6Quick.pc
2026-04-11 21:09:23,527 - aqt.updater - INFO - updater 8429038656 Patching /Users/trungdoanhong/Qt/6.10.1/macos/lib/pkgconfig/Qt6QuickControls2Imagine.pc
2026-04-11 21:09:23,527 - aqt.updater - INFO - updater 8429038656 Patching /Users/trungdoanhong/Qt/6.10.1/macos/lib/pkgconfig/Qt6LabsSharedImage.pc
2026-04-11 21:09:23,527 - aqt.updater - INFO - updater 8429038656 Patching /Users/trungdoanhong/Qt/6.10.1/macos/lib/pkgconfig/Qt6Linguist.pc
2026-04-11 21:09:23,527 - aqt.updater - INFO - updater 8429038656 Patching /Users/trungdoanhong/Qt/6.10.1/macos/lib/pkgconfig/Qt6PrintSupport.pc
2026-04-11 21:09:23,527 - aqt.updater - INFO - updater 8429038656 Patching /Users/trungdoanhong/Qt/6.10.1/macos/lib/pkgconfig/Qt6QuickControls2Fusion.pc
2026-04-11 21:09:23,528 - aqt.updater - INFO - updater 8429038656 Patching /Users/trungdoanhong/Qt/6.10.1/macos/lib/pkgconfig/Qt6QuickControls2BasicStyleImpl.pc
2026-04-11 21:09:23,528 - aqt.updater - INFO - updater 8429038656 Patching /Users/trungdoanhong/Qt/6.10.1/macos/lib/pkgconfig/Qt6QuickVectorImage.pc
2026-04-11 21:09:23,528 - aqt.updater - INFO - updater 8429038656 Patching /Users/trungdoanhong/Qt/6.10.1/macos/lib/pkgconfig/Qt6QuickControls2ImagineStyleImpl.pc
2026-04-11 21:09:23,528 - aqt.updater - INFO - updater 8429038656 Patching /Users/trungdoanhong/Qt/6.10.1/macos/lib/pkgconfig/Qt6LabsSynchronizer.pc
2026-04-11 21:09:23,528 - aqt.updater - INFO - updater 8429038656 Patching /Users/trungdoanhong/Qt/6.10.1/macos/lib/pkgconfig/Qt6QuickWidgets.pc
2026-04-11 21:09:23,528 - aqt.updater - INFO - updater 8429038656 Patching /Users/trungdoanhong/Qt/6.10.1/macos/lib/pkgconfig/Qt6Svg.pc
2026-04-11 21:09:23,529 - aqt.updater - INFO - updater 8429038656 Patching /Users/trungdoanhong/Qt/6.10.1/macos/lib/pkgconfig/Qt6QuickTemplates2.pc
2026-04-11 21:09:23,529 - aqt.updater - INFO - updater 8429038656 Patching /Users/trungdoanhong/Qt/6.10.1/macos/lib/pkgconfig/Qt6QmlMeta.pc
2026-04-11 21:09:23,529 - aqt.updater - INFO - updater 8429038656 Patching /Users/trungdoanhong/Qt/6.10.1/macos/lib/pkgconfig/Qt6QmlNetwork.pc
2026-04-11 21:09:23,529 - aqt.updater - INFO - updater 8429038656 Patching /Users/trungdoanhong/Qt/6.10.1/macos/lib/pkgconfig/Qt6QuickControls2Basic.pc
2026-04-11 21:09:23,529 - aqt.updater - INFO - updater 8429038656 Patching /Users/trungdoanhong/Qt/6.10.1/macos/lib/pkgconfig/Qt6Core.pc
2026-04-11 21:09:23,529 - aqt.updater - INFO - updater 8429038656 Patching /Users/trungdoanhong/Qt/6.10.1/macos/lib/pkgconfig/Qt6Gui.pc
2026-04-11 21:09:23,530 - aqt.updater - INFO - updater 8429038656 Patching /Users/trungdoanhong/Qt/6.10.1/macos/lib/pkgconfig/Qt6QuickControls2MaterialStyleImpl.pc
2026-04-11 21:09:23,530 - aqt.updater - INFO - updater 8429038656 Patching /Users/trungdoanhong/Qt/6.10.1/macos/lib/pkgconfig/Qt6QmlAssetDownloader.pc
2026-04-11 21:09:23,530 - aqt.updater - INFO - updater 8429038656 Patching /Users/trungdoanhong/Qt/6.10.1/macos/lib/pkgconfig/Qt6QuickControls2Material.pc
2026-04-11 21:09:23,530 - aqt.updater - INFO - updater 8429038656 Patching /Users/trungdoanhong/Qt/6.10.1/macos/lib/pkgconfig/Qt6SpatialAudio.pc
2026-04-11 21:09:23,531 - aqt.updater - INFO - updater 8429038656 Patching /Users/trungdoanhong/Qt/6.10.1/macos/lib/pkgconfig/Qt6Multimedia.pc
2026-04-11 21:09:23,531 - aqt.updater - INFO - updater 8429038656 Patching /Users/trungdoanhong/Qt/6.10.1/macos/lib/pkgconfig/Qt6OpenGL.pc
2026-04-11 21:09:23,531 - aqt.updater - INFO - updater 8429038656 Patching /Users/trungdoanhong/Qt/6.10.1/macos/lib/pkgconfig/Qt6QmlLocalStorage.pc
2026-04-11 21:09:23,531 - aqt.updater - INFO - updater 8429038656 Patching /Users/trungdoanhong/Qt/6.10.1/macos/lib/pkgconfig/Qt6LabsSettings.pc
2026-04-11 21:09:23,531 - aqt.updater - INFO - updater 8429038656 Patching /Users/trungdoanhong/Qt/6.10.1/macos/lib/pkgconfig/Qt6Test.pc
2026-04-11 21:09:23,532 - aqt.updater - INFO - updater 8429038656 Patching /Users/trungdoanhong/Qt/6.10.1/macos/lib/pkgconfig/Qt6Network.pc
2026-04-11 21:09:23,532 - aqt.updater - INFO - updater 8429038656 Patching /Users/trungdoanhong/Qt/6.10.1/macos/lib/pkgconfig/Qt6Sql.pc
2026-04-11 21:09:23,532 - aqt.updater - INFO - updater 8429038656 Patching /Users/trungdoanhong/Qt/6.10.1/macos/lib/pkgconfig/Qt6LabsPlatform.pc
2026-04-11 21:09:23,532 - aqt.updater - INFO - updater 8429038656 Patching /Users/trungdoanhong/Qt/6.10.1/macos/lib/pkgconfig/Qt6QuickLayouts.pc
2026-04-11 21:09:23,532 - aqt.updater - INFO - updater 8429038656 Patching /Users/trungdoanhong/Qt/6.10.1/macos/lib/pkgconfig/Qt6DBus.pc
2026-04-11 21:09:23,533 - aqt.updater - INFO - updater 8429038656 Patching /Users/trungdoanhong/Qt/6.10.1/macos/lib/pkgconfig/Qt6QmlCompiler.pc
2026-04-11 21:09:23,533 - aqt.updater - INFO - updater 8429038656 Patching /Users/trungdoanhong/Qt/6.10.1/macos/lib/pkgconfig/Qt6Widgets.pc
2026-04-11 21:09:23,533 - aqt.updater - INFO - updater 8429038656 Patching /Users/trungdoanhong/Qt/6.10.1/macos/lib/pkgconfig/Qt6Qml.pc
2026-04-11 21:09:23,533 - aqt.updater - INFO - updater 8429038656 Patching /Users/trungdoanhong/Qt/6.10.1/macos/lib/pkgconfig/Qt6QuickControls2UniversalStyleImpl.pc
2026-04-11 21:09:23,533 - aqt.updater - INFO - updater 8429038656 Patching /Users/trungdoanhong/Qt/6.10.1/macos/lib/pkgconfig/Qt6QmlModels.pc
2026-04-11 21:09:23,534 - aqt.updater - INFO - updater 8429038656 Patching /Users/trungdoanhong/Qt/6.10.1/macos/lib/libQt6QmlLS.prl
2026-04-11 21:09:23,534 - aqt.updater - INFO - updater 8429038656 Patching /Users/trungdoanhong/Qt/6.10.1/macos/lib/libQt6FbSupport.prl
2026-04-11 21:09:23,534 - aqt.updater - INFO - updater 8429038656 Patching /Users/trungdoanhong/Qt/6.10.1/macos/lib/libQt6FFmpegMediaPluginImpl.prl
2026-04-11 21:09:23,535 - aqt.updater - INFO - updater 8429038656 Patching /Users/trungdoanhong/Qt/6.10.1/macos/lib/libQt6QmlDebug.prl
2026-04-11 21:09:23,535 - aqt.updater - INFO - updater 8429038656 Patching /Users/trungdoanhong/Qt/6.10.1/macos/lib/libQt6QmlTypeRegistrar.prl
2026-04-11 21:09:23,535 - aqt.updater - INFO - updater 8429038656 Patching /Users/trungdoanhong/Qt/6.10.1/macos/lib/libQt6QuickTestUtils.prl
2026-04-11 21:09:23,535 - aqt.updater - INFO - updater 8429038656 Patching /Users/trungdoanhong/Qt/6.10.1/macos/lib/libQt6ExampleIcons.prl
2026-04-11 21:09:23,535 - aqt.updater - INFO - updater 8429038656 Patching /Users/trungdoanhong/Qt/6.10.1/macos/lib/libQt6QuickControlsTestUtils.prl
2026-04-11 21:09:23,535 - aqt.updater - INFO - updater 8429038656 Patching /Users/trungdoanhong/Qt/6.10.1/macos/lib/libQt6DeviceDiscoverySupport.prl
2026-04-11 21:09:23,535 - aqt.updater - INFO - updater 8429038656 Patching /Users/trungdoanhong/Qt/6.10.1/macos/lib/libQt6MultimediaTestLib.prl
2026-04-11 21:09:23,536 - aqt.updater - INFO - updater 8429038656 Patching /Users/trungdoanhong/Qt/6.10.1/macos/lib/libQt6QmlDom.prl
2026-04-11 21:09:23,536 - aqt.updater - INFO - updater 8429038656 Patching /Users/trungdoanhong/Qt/6.10.1/macos/lib/libQt6ExamplesAssetDownloader.prl
2026-04-11 21:09:23,536 - aqt.updater - INFO - updater 8429038656 Patching /Users/trungdoanhong/Qt/6.10.1/macos/lib/libQt6QmlAssetDownloader.prl
2026-04-11 21:09:23,536 - aqt.updater - INFO - updater 8429038656 Patching /Users/trungdoanhong/Qt/6.10.1/macos/lib/libQt6PacketProtocol.prl
2026-04-11 21:09:23,536 - aqt.updater - INFO - updater 8429038656 Patching /Users/trungdoanhong/Qt/6.10.1/macos/lib/libQt6QmlFormat.prl
2026-04-11 21:09:23,536 - aqt.updater - INFO - updater 8429038656 Patching /Users/trungdoanhong/Qt/6.10.1/macos/lib/libQt6QmlToolingSettings.prl
2026-04-11 21:09:23,536 - aqt.main - INFO - installer 8429038656 Finished installation
2026-04-11 21:09:23,536 - aqt.main - INFO - installer 8429038656 Time elapsed: 337.24434921 second
2026-04-13 15:57:01,591 - aqt.helper - DEBUG - helper 8429038656 Attempt to download checksum at https://download.qt.io/online/qtsdkrepository/mac_x64/desktop/tools_qtcreator/Updates.xml.sha256
2026-04-13 15:57:19,625 - aqt.main - INFO - installer 8429038656 aqtinstall(aqt) v3.3.0 on Python 3.9.6 [CPython Clang 21.0.0 (clang-2100.0.123.102)]
2026-04-13 15:57:19,626 - aqt.helper - DEBUG - helper 8429038656 Attempt to download checksum at https://download.qt.io/online/qtsdkrepository/mac_x64/desktop/tools_qtcreator/Updates.xml.sha256
2026-04-13 15:57:25,049 - aqt.helper - DEBUG - helper 8429038656 Attempt to download checksum at https://download.qt.io/online/qtsdkrepository/mac_x64/desktop/tools_qtcreator/qt.tools.qtcreator/9.0.0-0-202211220359qtcreator.7z.sha256
2026-04-13 15:57:25,055 - aqt.helper - DEBUG - helper 8429038656 Attempt to download checksum at https://download.qt.io/online/qtsdkrepository/mac_x64/desktop/tools_qtcreator/qt.tools.qtcreator/9.0.0-0-202211220359qtcreator_sdktool.7z.sha256
2026-04-13 15:57:26,318 - aqt.helper - INFO - helper 8429038656 Downloading qt.tools.qtcreator...
2026-04-13 15:57:26,318 - aqt.installer - DEBUG - installer 8429038656 Download URL: https://download.qt.io/online/qtsdkrepository/mac_x64/desktop/tools_qtcreator/qt.tools.qtcreator/9.0.0-0-202211220359qtcreator.7z
2026-04-13 15:57:26,362 - aqt.helper - INFO - helper 8429038656 Downloading qt.tools.qtcreator...
2026-04-13 15:57:26,362 - aqt.installer - DEBUG - installer 8429038656 Download URL: https://download.qt.io/online/qtsdkrepository/mac_x64/desktop/tools_qtcreator/qt.tools.qtcreator/9.0.0-0-202211220359qtcreator_sdktool.7z
2026-04-13 15:57:28,463 - aqt.helper - DEBUG - helper 8429038656 Asked to redirect(302) to: https://mirror.ossplanet.net/qtproject/online/qtsdkrepository/mac_x64/desktop/tools_qtcreator/qt.tools.qtcreator/9.0.0-0-202211220359qtcreator.7z
2026-04-13 15:57:28,463 - aqt.helper - DEBUG - helper 8429038656 Asked to redirect(302) to: https://mirror.ossplanet.net/qtproject/online/qtsdkrepository/mac_x64/desktop/tools_qtcreator/qt.tools.qtcreator/9.0.0-0-202211220359qtcreator_sdktool.7z
2026-04-13 15:57:28,463 - aqt.helper - INFO - helper 8429038656 Redirected: mirror.ossplanet.net
2026-04-13 15:57:28,463 - aqt.helper - INFO - helper 8429038656 Redirected: mirror.ossplanet.net
2026-04-13 15:57:41,179 - aqt.installer - INFO - installer 8429038656 Finished installation of qtcreator_sdktool.7z in 16.12511583
2026-04-13 15:59:05,713 - aqt.helper - DEBUG - helper 8429038656 Attempt to download checksum at https://download.qt.io/online/qtsdkrepository/mac_x64/desktop/tools_qtcreator_preview/Updates.xml.sha256
2026-04-13 15:59:05,713 - aqt.helper - DEBUG - helper 8429038656 Attempt to download checksum at https://download.qt.io/online/qtsdkrepository/mac_x64/desktop/tools_qtcreator_gui/Updates.xml.sha256
2026-04-13 15:59:14,696 - aqt.main - INFO - installer 8429038656 aqtinstall(aqt) v3.3.0 on Python 3.9.6 [CPython Clang 21.0.0 (clang-2100.0.123.102)]
2026-04-13 15:59:14,697 - aqt.helper - DEBUG - helper 8429038656 Attempt to download checksum at https://download.qt.io/online/qtsdkrepository/mac_x64/desktop/tools_qtcreator_gui/Updates.xml.sha256
2026-04-13 15:59:19,486 - aqt.helper - DEBUG - helper 8429038656 Attempt to download checksum at https://download.qt.io/online/qtsdkrepository/mac_x64/desktop/tools_qtcreator_gui/qt.tools.qtcreator_gui/19.0.0-0-202603101217qtcreator.7z.sha256
2026-04-13 15:59:20,765 - aqt.helper - INFO - helper 8429038656 Downloading qt.tools.qtcreator_gui...
2026-04-13 15:59:20,765 - aqt.installer - DEBUG - installer 8429038656 Download URL: https://download.qt.io/online/qtsdkrepository/mac_x64/desktop/tools_qtcreator_gui/qt.tools.qtcreator_gui/19.0.0-0-202603101217qtcreator.7z
2026-04-13 15:59:22,244 - aqt.helper - DEBUG - helper 8429038656 Asked to redirect(302) to: https://ftp.jaist.ac.jp/pub/qtproject/online/qtsdkrepository/mac_x64/desktop/tools_qtcreator_gui/qt.tools.qtcreator_gui/19.0.0-0-202603101217qtcreator.7z
2026-04-13 15:59:22,244 - aqt.helper - INFO - helper 8429038656 Redirected: ftp.jaist.ac.jp
2026-04-13 15:59:47,131 - aqt.helper - WARNING - helper 8429038656 Connection to 'https://download.qt.io' failed. Retrying with fallback 'https://master.qt.io/'.
2026-04-13 15:59:47,131 - aqt.installer - DEBUG - installer 8429038656 Download URL: https://master.qt.io/online/qtsdkrepository/mac_x64/desktop/tools_qtcreator_gui/qt.tools.qtcreator_gui/19.0.0-0-202603101217qtcreator.7z
2026-04-13 16:01:08,081 - aqt.installer - INFO - installer 8429038656 Finished installation of qtcreator.7z in 223.03323550
2026-04-13 16:01:08,167 - aqt.main - INFO - installer 8429038656 Finished installation
2026-04-13 16:01:08,167 - aqt.main - INFO - installer 8429038656 Time elapsed: 228.54144996 second
2026-04-13 17:01:59,560 - aqt.installer - WARNING - installer 8429038656 Caught ArchiveDownloadError, terminating installer workers
2026-04-13 17:01:59,571 - aqt.main - ERROR - installer 8429038656 Download of 19.0.0-0-202603101217qtcreator.7z has error: HTTPSConnectionPool(host='master.qt.io', port=443): Read timed out.
